BUGGY RUN — expense-api example
2026-09-24T09:30:15.366Z
══════════════════════════════════════════════════════════════════════════════

Pipeline per function:  Parse → Prove → Repair → Classify
Buggy never edits your source: patches are returned as data for you to
review. Nothing below was written to src/.

──────────────────────────────────────────────────────────────────────────────
PHASE 0 — CONFIGURATION (.debugger.yaml, created by `buggy init`)
──────────────────────────────────────────────────────────────────────────────
  language: python
  parser:
    command: tree-sitter-python
  lsp:
    command: pylsp
  sandbox:
    runtime: python
    memory_limit_mb: 512
    timeout_seconds: 60
    egress_policy: deny
  oracles:
    timeout_threshold_seconds: 5
    crash_detection: true
    overflow_detection: true
    determinism_check_count: 2
  probe:
    search_budget: 20
    max_refinement_iterations: 5
  watchlist:
    enabled: true
    scope: team

  language: python  → selects BOTH the Tree-sitter grammar and the runtime.
  Functions are executed in a real python process to prove bugs.

──────────────────────────────────────────────────────────────────────────────
PHASE 1 — PARSE (Parser_Agent, Tree-sitter)
──────────────────────────────────────────────────────────────────────────────
  src/expenses.py
    root node:      module   (a real Python parse; "program" would mean the TS fallback)
    total nodes:    109
    syntax errors:  0
    functions:      split_expense, average_expense, apply_discount, monthly_average
    parse time:     0.89ms

  src/budget.py
    root node:      module   (a real Python parse; "program" would mean the TS fallback)
    total nodes:    94
    syntax errors:  0
    functions:      budget_usage, remaining_budget, clamp_percent
    parse time:     0.33ms

──────────────────────────────────────────────────────────────────────────────
PHASE 2-4 — PROVE, REPAIR, CLASSIFY (per function)
──────────────────────────────────────────────────────────────────────────────

··············································································
FUNCTION  split_expense   (src/expenses.py)
  why targeted: divides by a caller-supplied count

  SPECIFICATION handed to the prover:
    parameters:     amount: float, people: float
    return type:    float
    precondition:   Number.isFinite(amount) && amount >= 0 && amount <= 100000
    precondition:   Number.isFinite(people) && people >= 0 && people <= 100000
    postcondition:  isFinite(result)
    postcondition:  !isNaN(result)

  RESULT: confirmed_no_repair   (4398ms)

  PROOF-OF-FAILURE CERTIFICATE
    triggering input:   [0,0]
    observed output:    undefined   (null = NaN/None or a raised error)
    violated rule:      function must not throw: ZeroDivisionError: division by zero
    verification:
      admissible  2026-09-24T09:30:17.193Z   (input satisfies the preconditions)
      sound       2026-09-24T09:30:20.560Z   (re-running really does violate the rule)
      unique      2026-09-24T09:30:20.560Z   (failure attributed to this function)

  WORK DONE
    CST nodes parsed:   109
    inputs tried:       1
    violations found:   1
    patches generated:  3
    patches approved:   0

  PHASE TIMINGS
    parsing         Parser_Agent         11ms
    proving         Bug_Proving_Agent    4366ms
    repair          Repair_Agent         3ms
    classification  Classifier_Agent     3ms

  CANDIDATE FIXES (proposed only — you decide whether to apply)
    [REJECTED] overfitting 93.0%  lines 10-10
       reason: Overfitting risk: top factors - identifier_count, statement_count, nesting_depth
       │ if people == 0:
       │     return 0.0
    [REJECTED] overfitting 97.5%  lines 15-15
       reason: Overfitting risk: top factors - identifier_count, statement_count, nesting_depth
       │     return 0.0
    [REJECTED] overfitting 93.0%  lines 5-5
       reason: Overfitting risk: top factors - identifier_count, statement_count, nesting_depth
       │ if people == 0:
       │     caller-supplied count, averaging a possibly-empty collection, and applying an

··············································································
FUNCTION  average_expense   (src/expenses.py)
  why targeted: averages a collection that may be empty

  SPECIFICATION handed to the prover:
    parameters:     amounts: number[]
    return type:    float
    precondition:   Array.isArray(amounts) && amounts.every(v => Number.isFinite(v))
    postcondition:  isFinite(result)
    postcondition:  !isNaN(result)

  RESULT: confirmed_no_repair   (4756ms)

  PROOF-OF-FAILURE CERTIFICATE
    triggering input:   [[]]
    observed output:    undefined   (null = NaN/None or a raised error)
    violated rule:      function must not throw: ZeroDivisionError: division by zero
    verification:
      admissible  2026-09-24T09:30:22.465Z   (input satisfies the preconditions)
      sound       2026-09-24T09:30:26.145Z   (re-running really does violate the rule)
      unique      2026-09-24T09:30:26.145Z   (failure attributed to this function)

  WORK DONE
    CST nodes parsed:   109
    inputs tried:       1
    violations found:   1
    patches generated:  3
    patches approved:   0

  PHASE TIMINGS
    parsing         Parser_Agent         5ms
    proving         Bug_Proving_Agent    4747ms
    repair          Repair_Agent         1ms
    classification  Classifier_Agent     1ms

  CANDIDATE FIXES (proposed only — you decide whether to apply)
    [REJECTED] overfitting 93.0%  lines 18-18
       reason: Overfitting risk: top factors - identifier_count, statement_count, nesting_depth
       │ if len(amounts) == 0:
       │     return 0.0
    [REJECTED] overfitting 98.7%  lines 23-23
       reason: Overfitting risk: top factors - identifier_count, nesting_depth, statement_count
       │     return 0.0
    [REJECTED] overfitting 93.0%  lines 13-13
       reason: Overfitting risk: top factors - identifier_count, statement_count, nesting_depth
       │     if len(amounts) == 0:
       │         BUG: `people == 0` raises ZeroDivisionError.

··············································································
FUNCTION  apply_discount   (src/expenses.py)
  why targeted: applies a percentage that is never clamped

  SPECIFICATION handed to the prover:
    parameters:     price: float, percent_off: float
    return type:    float
    precondition:   Number.isFinite(price) && price >= 0 && price <= 100000
    precondition:   Number.isFinite(percent_off) && percent_off >= 0 && percent_off <= 100000
    postcondition:  result >= 0

  RESULT: unconfirmed   (167186ms)

  No violating input found within budget.
    NOTE: "unconfirmed" means not-found-within-budget, NOT proven safe.

  WORK DONE
    CST nodes parsed:   109
    inputs tried:       60
    violations found:   0
    patches generated:  0
    patches approved:   0

  PHASE TIMINGS
    parsing         Parser_Agent         15ms
    proving         Bug_Proving_Agent    167170ms

  No candidate fixes generated (nothing to repair).

··············································································
FUNCTION  monthly_average   (src/expenses.py)
  why targeted: control case — divisor is a non-zero constant

  SPECIFICATION handed to the prover:
    parameters:     yearly_total: float
    return type:    float
    precondition:   Number.isFinite(yearly_total) && yearly_total >= 0 && yearly_total <= 100000
    postcondition:  isFinite(result)
    postcondition:  !isNaN(result)

  RESULT: unconfirmed   (180533ms)

  No violating input found within budget.
    NOTE: "unconfirmed" means not-found-within-budget, NOT proven safe.

  WORK DONE
    CST nodes parsed:   109
    inputs tried:       58
    violations found:   0
    patches generated:  0
    patches approved:   0

  PHASE TIMINGS
    parsing         Parser_Agent         7ms
    proving         Bug_Proving_Agent    180525ms

  No candidate fixes generated (nothing to repair).

··············································································
FUNCTION  budget_usage   (src/budget.py)
  why targeted: divides by a caller-supplied budget

  SPECIFICATION handed to the prover:
    parameters:     spent: float, budget: float
    return type:    float
    precondition:   Number.isFinite(spent) && spent >= 0 && spent <= 100000
    precondition:   Number.isFinite(budget) && budget >= 0 && budget <= 100000
    postcondition:  isFinite(result)
    postcondition:  !isNaN(result)

  RESULT: confirmed_no_repair   (4988ms)

  PROOF-OF-FAILURE CERTIFICATE
    triggering input:   [0,0]
    observed output:    undefined   (null = NaN/None or a raised error)
    violated rule:      function must not throw: ZeroDivisionError: division by zero
    verification:
      admissible  2026-09-24T09:36:16.024Z   (input satisfies the preconditions)
      sound       2026-09-24T09:36:20.119Z   (re-running really does violate the rule)
      unique      2026-09-24T09:36:20.119Z   (failure attributed to this function)

  WORK DONE
    CST nodes parsed:   94
    inputs tried:       1
    violations found:   1
    patches generated:  3
    patches approved:   0

  PHASE TIMINGS
    parsing         Parser_Agent         6ms
    proving         Bug_Proving_Agent    4978ms
    repair          Repair_Agent         1ms
    classification  Classifier_Agent     1ms

  CANDIDATE FIXES (proposed only — you decide whether to apply)
    [REJECTED] overfitting 86.0%  lines 8-8
       reason: Overfitting risk: top factors - identifier_count, statement_count, nesting_depth
       │ if budget == 0:
       │     return 0.0
    [REJECTED] overfitting 97.2%  lines 13-13
       reason: Overfitting risk: top factors - nesting_depth, identifier_count, statement_count
       │     return 0.0
    [REJECTED] overfitting 86.0%  lines 3-3
       reason: Overfitting risk: top factors - identifier_count, statement_count, nesting_depth
       │ if budget == 0:
       │     Contains one proven defect and two functions that are genuinely safe, so the

··············································································
FUNCTION  remaining_budget   (src/budget.py)
  why targeted: control case — clamped at 0

  SPECIFICATION handed to the prover:
    parameters:     budget: float, spent: float
    return type:    float
    precondition:   Number.isFinite(budget) && budget >= 0 && budget <= 100000
    precondition:   Number.isFinite(spent) && spent >= 0 && spent <= 100000
    postcondition:  result >= 0

  RESULT: unconfirmed   (165661ms)

  No violating input found within budget.
    NOTE: "unconfirmed" means not-found-within-budget, NOT proven safe.

  WORK DONE
    CST nodes parsed:   94
    inputs tried:       60
    violations found:   0
    patches generated:  0
    patches approved:   0

  PHASE TIMINGS
    parsing         Parser_Agent         10ms
    proving         Bug_Proving_Agent    165651ms

  No candidate fixes generated (nothing to repair).

··············································································
FUNCTION  clamp_percent   (src/budget.py)
  why targeted: control case — bounded by construction

  SPECIFICATION handed to the prover:
    parameters:     value: float
    return type:    float
    precondition:   Number.isFinite(value) && value >= -100000 && value <= 100000
    postcondition:  result >= 0
    postcondition:  result <= 100

  RESULT: unconfirmed   (268414ms)

  No violating input found within budget.
    NOTE: "unconfirmed" means not-found-within-budget, NOT proven safe.

  WORK DONE
    CST nodes parsed:   94
    inputs tried:       95
    violations found:   0
    patches generated:  0
    patches approved:   0

  PHASE TIMINGS
    parsing         Parser_Agent         14ms
    proving         Bug_Proving_Agent    268399ms

  No candidate fixes generated (nothing to repair).

──────────────────────────────────────────────────────────────────────────────
PHASE 5 — EXPERIENCE MEMORY (Watchlist)
──────────────────────────────────────────────────────────────────────────────
  episodes recorded:  14
  verified episodes:  6
  distinct lessons:   7
  outcomes:           {"confirmed_no_repair":6,"unconfirmed":8}

  RECALL — what Buggy tells an agent before it edits `split_expense`:
    seen_before: true   lessons: 2
      • [project] division_by_zero in split_expense
          trigger: [0,0]
          what failed before: Overfitting risk: top factors - identifier_count, statement_count, nesting_depth
      • [global] postcondition_violation in ()->unknown
          trigger: <array[1]>

══════════════════════════════════════════════════════════════════════════════
  SUMMARY: 3 bugs proven / 7 functions investigated
══════════════════════════════════════════════════════════════════════════════
  BUG  split_expense      confirmed_no_repair    [0,0]
  BUG  average_expense    confirmed_no_repair    [[]]
  ok   apply_discount     unconfirmed            
  ok   monthly_average    unconfirmed            
  BUG  budget_usage       confirmed_no_repair    [0,0]
  ok   remaining_budget   unconfirmed            
  ok   clamp_percent      unconfirmed            

  Logs written to examples/expense-api/logs/:
    run.log · investigations.jsonl · patches.md · summary.md · watchlist.log
